[backblue.gif]
[fade.gif]
[index.html]
[192.168.0.195/joomla/templates/shaper_helixultimate/images/favicon.ico]
[192.168.0.195/joomla/index.php/component/finder/search5699]
[sppagebuilder.com/images/2020/consultant/cta-path2.png]
[192.168.0.195/joomla/media/system/js/core.min7335.js]
[192.168.0.195/joomla/media/vendor/bootstrap/js/bootstrap-es5.min79ff.js]
[192.168.0.195/joomla/media/system/js/showon-es5.min6186.js]
[192.168.0.195/joomla/media/com_finder/js/finder-es5.minf64f.js]
[192.168.0.195/joomla/media/system/js/messages-es5.minb614.js]
[192.168.0.195/joomla/media/vendor/jquery/js/jquery.mind569.js]
[192.168.0.195/joomla/media/legacy/js/jquery-noconflict.minaad7.js]
[192.168.0.195/joomla/media/vendor/bootstrap/js/alert.min79ff.js]
[192.168.0.195/joomla/media/vendor/bootstrap/js/button.min79ff.js]
[192.168.0.195/joomla/media/vendor/bootstrap/js/carousel.min79ff.js]
[192.168.0.195/joomla/media/vendor/bootstrap/js/collapse.min79ff.js]
[192.168.0.195/joomla/media/vendor/bootstrap/js/dropdown.min79ff.js]
[192.168.0.195/joomla/media/vendor/bootstrap/js/modal.min79ff.js]
[192.168.0.195/joomla/media/vendor/bootstrap/js/offcanvas.min79ff.js]
[192.168.0.195/joomla/media/vendor/bootstrap/js/popover.min79ff.js]
[192.168.0.195/joomla/media/vendor/bootstrap/js/scrollspy.min79ff.js]
[192.168.0.195/joomla/media/vendor/bootstrap/js/tab.min79ff.js]
[192.168.0.195/joomla/media/vendor/bootstrap/js/toast.min79ff.js]
[192.168.0.195/joomla/media/system/js/showon.min8e34.js]
[192.168.0.195/joomla/media/vendor/awesomplete/js/awesomplete.min75d0.js]
[192.168.0.195/joomla/media/com_finder/js/finder.min1dca.js]
[192.168.0.195/joomla/media/system/js/messages.minae9f.js]
[192.168.0.195/joomla/components/com_sppagebuilder/assets/js/common.js]
[192.168.0.195/joomla/components/com_sppagebuilder/assets/js/jquery.parallax485a.js]
[192.168.0.195/joomla/components/com_sppagebuilder/assets/js/sppagebuilder485a.js]
[192.168.0.195/joomla/components/com_sppagebuilder/assets/js/jquery.magnific-popup.min.js]
[192.168.0.195/joomla/components/com_sppagebuilder/assets/js/sp_carousel.js]
[192.168.0.195/joomla/templates/shaper_helixultimate/js/main.js]
[192.168.0.195/joomla/images/20230527_181008.png]
[sppagebuilder.com/images/2020/consultant/hero-img.jpg]
[sppagebuilder.com/images/2020/consultant/hero-chartimg.png]
[sppagebuilder.com/images/2020/consultant/fllower.png]
[sppagebuilder.com/images/2020/consultant/home-services1.jpg]
[sppagebuilder.com/images/2020/consultant/home-services2.jpg]
[sppagebuilder.com/images/2020/consultant/home-services3.jpg]
[sppagebuilder.com/images/2020/consultant/client1.png]
[sppagebuilder.com/images/2020/consultant/client2.png]
[sppagebuilder.com/images/2020/consultant/client3.png]
[sppagebuilder.com/images/2020/consultant/client4.png]
[sppagebuilder.com/images/2020/consultant/client5.png]
[sppagebuilder.com/images/2020/consultant/vendor1.png]
[sppagebuilder.com/images/2020/consultant/vendor3.png]
[sppagebuilder.com/images/2020/consultant/vendor2.png]
[sppagebuilder.com/images/2020/consultant/cta-path1.png]
[192.168.0.195/joomla/index.html]
[192.168.0.195/joomla/media/vendor/awesomplete/css/awesomplete75d0.css]
[192.168.0.195/joomla/media/vendor/joomla-custom-elements/css/joomla-alert.min44b7.css]
[192.168.0.195/joomla/components/com_sppagebuilder/assets/webfonts/fa-brands-400.woff]
[192.168.0.195/joomla/components/com_sppagebuilder/assets/webfonts/fa-brands-400.ttf]
[192.168.0.195/joomla/components/com_sppagebuilder/assets/webfonts/fa-regular-400.woff]
[192.168.0.195/joomla/components/com_sppagebuilder/assets/webfonts/fa-regular-400.ttf]
[192.168.0.195/joomla/components/com_sppagebuilder/assets/webfonts/fa-solid-900.woff]
[192.168.0.195/joomla/components/com_sppagebuilder/assets/webfonts/fa-solid-900.ttf]
[192.168.0.195/joomla/components/com_sppagebuilder/assets/css/font-awesome-5.min485a.css]
[192.168.0.195/joomla/components/com_sppagebuilder/assets/css/font-awesome-v4-shims485a.css]
[192.168.0.195/joomla/components/com_sppagebuilder/assets/css/animate.min485a.css]
[192.168.0.195/joomla/components/com_sppagebuilder/assets/css/sppagebuilder485a.css]
[192.168.0.195/joomla/components/com_sppagebuilder/assets/css/magnific-popup.css]
[192.168.0.195/joomla/templates/shaper_helixultimate/css/bootstrap.min.css]
[192.168.0.195/joomla/plugins/system/helixultimate/assets/css/system-j4.min.css]
[192.168.0.195/joomla/media/vendor/fontawesome-free/webfonts/fa-regular-400.eot]
[192.168.0.195/joomla/media/vendor/fontawesome-free/webfonts/fa-regular-400d41d.eot]
[192.168.0.195/joomla/media/vendor/fontawesome-free/webfonts/fa-regular-400.woff2]
[192.168.0.195/joomla/media/vendor/fontawesome-free/webfonts/fa-regular-400.woff]
[192.168.0.195/joomla/media/vendor/fontawesome-free/webfonts/fa-regular-400.ttf]
[192.168.0.195/joomla/media/vendor/fontawesome-free/webfonts/fa-solid-900.eot]
[192.168.0.195/joomla/media/vendor/fontawesome-free/webfonts/fa-solid-900.woff2]
[192.168.0.195/joomla/media/vendor/fontawesome-free/webfonts/fa-solid-900.woff]
[192.168.0.195/joomla/media/vendor/fontawesome-free/webfonts/fa-solid-900d41d.eot]
[192.168.0.195/joomla/media/vendor/fontawesome-free/webfonts/fa-solid-900.ttf]
[192.168.0.195/joomla/media/vendor/fontawesome-free/webfonts/fa-brands-400.eot]
[192.168.0.195/joomla/media/vendor/fontawesome-free/webfonts/fa-brands-400.woff2]
[192.168.0.195/joomla/media/vendor/fontawesome-free/webfonts/fa-brands-400d41d.eot]
[192.168.0.195/joomla/media/vendor/fontawesome-free/webfonts/fa-brands-400.woff]
[192.168.0.195/joomla/media/vendor/fontawesome-free/webfonts/fa-brands-400.ttf]
[192.168.0.195/joomla/media/system/css/joomla-fontawesome.min220a.css]
[192.168.0.195/joomla/templates/shaper_helixultimate/images/menu-bg.jpg]
[192.168.0.195/joomla/templates/shaper_helixultimate/css/template.css]
[192.168.0.195/joomla/templates/shaper_helixultimate/css/presets/default.css]
[192.168.0.195/joomla/index-2.html]
[192.168.0.195/joomla/index.php/coding.html]
[192.168.0.195/joomla/index.php/college-life.html]
[sppagebuilder.com/images/2019/interior/interior-portfolio1.jpg]
[sppagebuilder.com/images/2019/interior/interior-portfolio3.jpg]
[sppagebuilder.com/images/2019/interior/interior-portfolio2.jpg]
[sppagebuilder.com/images/2019/interior/interior-portfolio4.jpg]
[sppagebuilder.com/images/2019/interior/interior-portfolio5.jpg]
[sppagebuilder.com/images/2019/interior/interior-portfolio6.jpg]
[sppagebuilder.com/images/2019/interior/interior-portfolio8.jpg]
[sppagebuilder.com/images/2019/interior/interior-portfolio9.jpg]
[sppagebuilder.com/images/2019/interior/interior-portfolio7.jpg]
[sppagebuilder.com/images/2019/interior/interior-portfolio10.jpg]
[192.168.0.195/joomla/index.php/english-study-methodology.html]
[192.168.0.195/joomla/index.php/english-teaching-methodology.html]
[192.168.0.195/joomla/media/vendor/fontawesome-free/webfonts/fa-regular-400.svg]
[192.168.0.195/joomla/media/vendor/fontawesome-free/webfonts/fa-solid-900.svg]
[192.168.0.195/joomla/media/vendor/fontawesome-free/webfonts/fa-brands-400.svg]
